[INFO] Scanning for projects...
[INFO] 
[INFO] --------------< com.restaurantconnect:restaurantconnect >---------------
[INFO] Building RestaurantConnect 0.0.1-SNAPSHOT
[INFO]   from pom.xml
[INFO] --------------------------------[ jar ]---------------------------------
[INFO] 
[INFO] --- enforcer:3.4.1:enforce (enforce-java) @ restaurantconnect ---
[INFO] ------------------------------------------------------------------------
[INFO] BUILD FAILURE
[INFO] ------------------------------------------------------------------------
[INFO] Total time:  2.176 s
[INFO] Finished at: 2026-01-15T17:46:05+01:00
[INFO] ------------------------------------------------------------------------
[ERROR] Failed to execute goal org.apache.maven.plugins:maven-enforcer-plugin:3.4.1:enforce (enforce-java) on project restaurantconnect: 
[ERROR] Rule 0: org.apache.maven.enforcer.rules.version.RequireJavaVersion failed with message:
[ERROR] Detected JDK version 1.8.0-351 (JAVA_HOME=C:\Program Files (x86)\Java\jre1.8.0_351) is not in the allowed range [17,).
[ERROR] -> [Help 1]
[ERROR] 
[ERROR] To see the full stack trace of the errors, re-run Maven with the -e switch.
[ERROR] Re-run Maven using the -X switch to enable full debug logging.
[ERROR] 
[ERROR] For more information about the errors and possible solutions, please read the following articles:
[ERROR] [Help 1] http://cwiki.apache.org/confluence/display/MAVEN/MojoExecutionException
